C51 COMPILER V9.54   MAIN                                                                  06/22/2023 17:04:18 PAGE 1   


C51 COMPILER V9.54, COMPILATION OF MODULE MAIN
OBJECT MODULE PLACED IN .\Objects\main.obj
COMPILER INVOKED BY: D:\keil5\C51\BIN\C51.EXE main.c OPTIMIZE(8,SPEED) BROWSE DEBUG OBJECTEXTEND PRINT(.\Listings\main.l
                    -st) TABS(2) OBJECT(.\Objects\main.obj)

line level    source

   1          #include <REGX52.H>
   2          #include "Delay.h"
   3          sbit RCK=P3^5;//其实是RCLK
   4          sbit SCK=P3^6;//SRCLK
   5          sbit SER=P3^4;//SER
   6          
   7          #define MATRIX_LED_PORT  P0
   8          
   9          /**
  10            * @brief 74HC595 写入一个字节
  11            * @param 要写入的字节
  12            * @retval 无
  13            */
  14          void _74HC595_WriteByte(unsigned char Byte)
  15          {
  16   1        unsigned char i;
  17   1        for(i=0;i<8;i++)
  18   1        {
  19   2          SER=Byte&(0x80>>i);
  20   2          SCK=1;
  21   2          SCK=0;
  22   2        }
  23   1        RCK=1;
  24   1        RCK=0;
  25   1      
  26   1      }
  27          /**
  28            * @briefLED点阵屏显示一列数据  
  29            * @param Column 要选择的列，范围0~7,0在最左边
  30            * @param Data选择列显示的数据，高位在上，1为亮，0为灭
  31            * @retval 无
  32            */
  33          
  34          void MatrixLED_ShowColumn(unsigned char Column,Data)
  35          {
  36   1        _74HC595_WriteByte(Data);
  37   1        MATRIX_LED_PORT=~(0x80>>Column);
  38   1        Delay(1);
  39   1        MATRIX_LED_PORT=0xFF;
  40   1      
  41   1      }
  42          
  43          void main()
  44          {
  45   1        SCK=0;
  46   1        RCK=0;
  47   1        //MatrixLED_ShowColumn(7,0xF0);
  48   1        while(1)
  49   1        {
  50   2            MatrixLED_ShowColumn(0,0x3c);
  51   2            MatrixLED_ShowColumn(1,0x42);
  52   2            MatrixLED_ShowColumn(2,0xA9);
  53   2            MatrixLED_ShowColumn(3,0x85);
  54   2            MatrixLED_ShowColumn(4,0x85);
C51 COMPILER V9.54   MAIN                                                                  06/22/2023 17:04:18 PAGE 2   

  55   2            MatrixLED_ShowColumn(5,0xA9);
  56   2            MatrixLED_ShowColumn(6,0x42);
  57   2            MatrixLED_ShowColumn(7,0x3C);
  58   2        }
  59   1        
  60   1        
  61   1      }


MODULE INFORMATION:   STATIC OVERLAYABLE
   CODE SIZE        =    157    ----
   CONSTANT SIZE    =   ----    ----
   XDATA SIZE       =   ----    ----
   PDATA SIZE       =   ----    ----
   DATA SIZE        =   ----    ----
   IDATA SIZE       =   ----    ----
   BIT SIZE         =   ----    ----
END OF MODULE INFORMATION.


C51 COMPILATION COMPLETE.  0 WARNING(S),  0 ERROR(S)
